// Jest Snapshot v1, https://goo.gl/fbAQLP

exports[`/training/result should render component 1`] = `
Array [
  <header
    className="sc-bwzfXH geYBAS"
  >
    <div
      className="sc-bdVaJa flBAph"
      onMouseDown={[Function]}
      onMouseUp={[Function]}
    >
      <span
        className="sc-bxivhb iUaUQC"
        color="#fff"
        data-test="back"
        onClick={[Function]}
      >
        <svg
          aria-hidden="true"
          className="MuiSvgIcon-root-1"
          focusable="false"
          role="presentation"
          viewBox="0 0 24 24"
        >
          <path
            d="M0 0h24v24H0z"
            fill="none"
          />
          <path
            d="M20 11H7.83l5.59-5.59L12 4l-8 8 8 8 1.41-1.41L7.83 13H20v-2z"
          />
        </svg>
      </span>
    </div>
    <h1
      className="sc-htpNat eSnwWs"
    >
      百人一首 - 練習結果 -
    </h1>
  </header>,
  <div
    className="sc-gzVnrw eeAPtW"
  >
    <div
      className="sc-kGXeez HLrKz"
    >
      <div
        className="sc-iwsKbI hDfyDa"
      >
        <div
          className="sc-gZMcBi eXoTgE"
        >
          この欄は広告枠です
        </div>
      </div>
      <div
        className="sc-cSHVUG hirGEh"
      >
        <div
          className="sc-jTzLTM gkTcKL"
          style={
            Object {
              "marginBottom": "16px",
            }
          }
        >
          <div
            className="sc-fjdhpX jsSKD"
          >
            正解数
          </div>
          <div
            className="sc-jzJRlG fciurp"
          >
            0 / 0
          </div>
        </div>
        <div
          className="sc-jTzLTM gkTcKL"
          style={
            Object {
              "marginBottom": "32px",
            }
          }
        >
          <div
            className="sc-fjdhpX jsSKD"
          >
            平均回答時間
          </div>
          <div
            className="sc-jzJRlG fciurp"
          >
            NaN秒
          </div>
        </div>
        <div
          className="sc-kAzzGY ciXhiV"
        >
          <a
            className="twitter-share-button"
            data-show-count="false"
            data-size="large"
            data-text="百人一首で 0問中 0問 正解しました！"
            data-url="https://hyakuninanki.net"
            href="https://twitter.com/share"
          >
            Tweet
          </a>
        </div>
        <button
          className="MuiButtonBase-root-41 MuiButton-root-15 MuiButton-outlined-23 Component-button-10 Component-normalButton-11"
          disabled={false}
          onBlur={[Function]}
          onClick={[Function]}
          onContextMenu={[Function]}
          onFocus={[Function]}
          onKeyDown={[Function]}
          onKeyUp={[Function]}
          onMouseDown={[Function]}
          onMouseLeave={[Function]}
          onMouseUp={[Function]}
          onTouchEnd={[Function]}
          onTouchMove={[Function]}
          onTouchStart={[Function]}
          tabIndex="0"
          type="button"
        >
          <span
            className="MuiButton-label-16"
          >
            <span
              aria-hidden="true"
              className="material-icons MuiIcon-root-44 MuiIcon-fontSizeSmall-51 Component-normalIcon-13"
            >
              arrow_back
            </span>
            メニューに戻る
          </span>
          <span
            className="MuiTouchRipple-root-53"
          />
        </button>
      </div>
      <div
        className="sc-gqjmRU dIdbVO"
      >
        <div
          className="sc-VigVT cYoXur"
        >
          この欄は広告枠です
        </div>
      </div>
    </div>
  </div>,
]
`;
