// Jest Snapshot v1, https://goo.gl/fbAQLP

exports[`<Tatami /> should render component 1`] = `
<div
  className="sc-bdVaJa jDcBRo"
>
  test
</div>
`;
