// Jest Snapshot v1, https://goo.gl/fbAQLP

exports[`<MenuIcon /> should render component 1`] = `
<i
  className="material-icons sc-bdVaJa gXQMCH"
>
  note
</i>
`;
