// Jest Snapshot v1, https://goo.gl/fbAQLP

exports[`<KarutaList /> should render component 1`] = `
<div
  className="sc-bZQynM dczuRC"
>
  <div
    className="sc-bdVaJa dzVtvu"
    onClick={[Function]}
  >
    <div
      className="sc-bwzfXH fnStwP"
    >
      <div
        className="sc-bxivhb ivoHNN"
      >
        一番
      </div>
      <div
        className=" gatsby-image-wrapper"
        style={
          Object {
            "margin": "auto",
            "overflow": "hidden",
            "position": "relative",
            "width": 40,
          }
        }
      >
        <div
          style={
            Object {
              "paddingBottom": "100%",
              "width": "100%",
            }
          }
        />
        <picture>
          <source
            sizes="100 200 300"
            srcSet="asdfasdf"
          />
          <img
            alt="一番"
            onLoad={[Function]}
            src="karuta_001.jpg"
            style={
              Object {
                "height": "100%",
                "left": 0,
                "objectFit": "cover",
                "objectPosition": "center",
                "opacity": 0,
                "position": "absolute",
                "top": 0,
                "transition": "opacity 0.5s",
                "width": "100%",
              }
            }
          />
        </picture>
        <noscript
          dangerouslySetInnerHTML={
            Object {
              "__html": "<picture><source srcSet=\\"asdfasdf\\" sizes=\\"100 200 300\\" /><img src=\\"karuta_001.jpg\\" alt=\\"一番\\" style=\\"position:absolute;top:0;left:0;transition:opacity 0.5s;transition-delay:0.5s;opacity:1;width:100%;height:100%;object-fit:cover;object-position:center\\"/></picture>",
            }
          }
        />
      </div>
    </div>
    <div
      className="sc-htpNat Cyytt"
    >
      <div
        className="sc-ifAKCX TiiUY"
      >
        初句 二句 三句
      </div>
      <div
        className="sc-ifAKCX TiiUY"
      >
        四句 五句
      </div>
      <div
        className="sc-EHOje kQvhir"
      >
        詠み手
      </div>
    </div>
  </div>
  <div
    className="sc-bdVaJa dzVtvu"
    onClick={[Function]}
  >
    <div
      className="sc-bwzfXH fnStwP"
    >
      <div
        className="sc-bxivhb ivoHNN"
      >
        二番
      </div>
      <div
        className=" gatsby-image-wrapper"
        style={
          Object {
            "margin": "auto",
            "overflow": "hidden",
            "position": "relative",
            "width": 40,
          }
        }
      >
        <div
          style={
            Object {
              "paddingBottom": "100%",
              "width": "100%",
            }
          }
        />
        <picture>
          <source
            sizes="100 200 300"
            srcSet="gheohgae"
          />
          <img
            alt="二番"
            onLoad={[Function]}
            src="karuta_002.jpg"
            style={
              Object {
                "height": "100%",
                "left": 0,
                "objectFit": "cover",
                "objectPosition": "center",
                "opacity": 0,
                "position": "absolute",
                "top": 0,
                "transition": "opacity 0.5s",
                "width": "100%",
              }
            }
          />
        </picture>
        <noscript
          dangerouslySetInnerHTML={
            Object {
              "__html": "<picture><source srcSet=\\"gheohgae\\" sizes=\\"100 200 300\\" /><img src=\\"karuta_002.jpg\\" alt=\\"二番\\" style=\\"position:absolute;top:0;left:0;transition:opacity 0.5s;transition-delay:0.5s;opacity:1;width:100%;height:100%;object-fit:cover;object-position:center\\"/></picture>",
            }
          }
        />
      </div>
    </div>
    <div
      className="sc-htpNat Cyytt"
    >
      <div
        className="sc-ifAKCX TiiUY"
      >
        初句 二句 三句
      </div>
      <div
        className="sc-ifAKCX TiiUY"
      >
        四句 五句
      </div>
      <div
        className="sc-EHOje kQvhir"
      >
        詠み手
      </div>
    </div>
  </div>
</div>
`;
