// Jest Snapshot v1, https://goo.gl/fbAQLP

exports[`<Header /> should render component when can back 1`] = `
<header
  className="sc-bwzfXH geYBAS"
>
  <div
    className="sc-bdVaJa flBAph"
    onMouseDown={[Function]}
    onMouseUp={[Function]}
  >
    <i
      className="material-icons sc-bxivhb jrBfKJ"
      color="#fff"
      data-test="back"
      onClick={[MockFunction]}
    >
      arrow_back
    </i>
  </div>
  <h1
    className="sc-htpNat fxoVCB"
  >
    This is title
  </h1>
</header>
`;

exports[`<Header /> should render component when can not back 1`] = `
<header
  className="sc-bwzfXH geYBAS"
>
  <div
    className="sc-bdVaJa flBAph"
    onMouseDown={[Function]}
    onMouseUp={[Function]}
  >
    <i
      className="material-icons sc-bxivhb jrBfKJ"
      color="#fff"
      data-test="back"
      onClick={[MockFunction]}
    >
      arrow_back
    </i>
  </div>
  <h1
    className="sc-htpNat fxoVCB"
  >
    This is title
  </h1>
</header>
`;
