// Jest Snapshot v1, https://goo.gl/fbAQLP

exports[`<PageTitle /> should render component 1`] = `
<h1
  className="sc-bdVaJa fXsTJn"
>
  hoge
</h1>
`;
