// Jest Snapshot v1, https://goo.gl/fbAQLP

exports[`<KarutaImage /> should render component 1`] = `
<img
  alt="一番"
  src="karuta_001.jpg"
/>
`;
