// Jest Snapshot v1, https://goo.gl/fbAQLP

exports[`<AboutSection /> should render component 1`] = `
<div
  className="sc-bdVaJa jTrwTk"
>
  <section
    className="sc-bwzfXH fKaPKZ"
  >
    <h1
      className="sc-htpNat ijEjGe"
    >
      サイトについて
    </h1>
    <div
      className="sc-bxivhb fzdoha"
    >
      このサイトは百人一首を覚えるためのサイトです。4択のクイズ形式で繰り返し練習することで効率よく百人一首を覚えることが出来ます。
    </div>
  </section>
  <section
    className="sc-bwzfXH fKaPKZ"
  >
    <h1
      className="sc-htpNat ijEjGe"
    >
      使い方について
    </h1>
    <div
      className="sc-bxivhb fzdoha"
    >
      練習では様々な条件を組み合わせて出題範囲を指定できます。ご自身の習熟度に合わせて効率よく練習できます。 もう全部覚えたという方は腕試しに挑戦しましょう。百首通しでランダムに出題されます。 資料では百人一首の詳細な情報を閲覧できます。決まり字や歌の現代語訳などを確認することができます。
    </div>
  </section>
  <section
    className="sc-bwzfXH fKaPKZ"
  >
    <h1
      className="sc-htpNat ijEjGe"
    >
      アプリ版について
    </h1>
    <div
      className="sc-bxivhb fzdoha"
    >
      Androidのみリリースしています。こちらは一旦インストールしていただけばオフラインでも使えます。iOS版は未定ですが、要望があればがんばります。
    </div>
    <div
      className="sc-ifAKCX fVKAHz"
    >
      <a
        href="https://play.google.com/store/apps/details?id=me.rei_m.hyakuninisshu&hl=ja&pcampaignid=MKT-Other-global-all-co-prtnr-py-PartBadge-Mar2515-1"
      >
        <img
          alt="Google Play で手に入れよう"
          src="https://play.google.com/intl/en_us/badges/images/generic/ja_badge_web_generic.png"
          style={
            Object {
              "margin": "auto",
              "width": 200,
            }
          }
        />
      </a>
    </div>
  </section>
  <section
    className="sc-bwzfXH fKaPKZ"
  >
    <h1
      className="sc-htpNat ijEjGe"
    >
      運営者について
    </h1>
    <div
      className="sc-bxivhb fzdoha"
    >
      当サイトは
      <a
        href="https://twitter.com/rei_m"
        target="_blank"
      >
        @rei_m
      </a>
      が個人で運営しています。不具合や要望等あればTwitterまでご連絡ください。 アプリのレビューで読み上げ機能が欲しいというお声をいただくのですが、使用可能ないい音源があれば搭載します。
    </div>
  </section>
</div>
`;
