// Jest Snapshot v1, https://goo.gl/fbAQLP

exports[`<YomiFudaWord /> should render component 1`] = `
<span
  className="sc-bdVaJa siDlf"
  onAnimationEnd={[MockFunction]}
>
  „ÅÇ
</span>
`;
